-104.687533
-104.687871
-104.688346
-104.688951
-104.689701
-104.690499
-104.690841
-104.691946
-104.692902
-104.693752
-104.694181
-104.694113
-104.694356
-104.694783
-104.694789
-104.694714
-104.694786
-104.695355
-104.696325
-104.697654
-104.699280
