-104.687721
-104.687853
-104.688220
-104.688718
-104.689300
-104.689867
-104.689969
-104.690662
-104.691272
-104.691446
-104.691292
-104.690546
-104.690256
-104.690032
-104.689414
-104.688941
-104.688289
-104.688168
-104.688417
-104.688984
-104.689705
