-104.687721
-104.687853
-104.688220
-104.688718
-104.689300
-104.689867
-104.689968
-104.690662
-104.691271
-104.691444
-104.688119
-104.689467
-104.690561
-104.690757
-104.689894
-104.688356
-104.686908
-104.686290
-104.686851
-104.688368
-104.690159
