-27.1647436
-27.1647515
-27.1647955
-27.1648614
-27.1649407
-27.1650159
-27.1650816
-27.1651222
-27.1651111
-27.1650558
-27.1649596
-27.1648135
-27.1647625
-27.1646910
-27.1646015
-27.1645152
-27.1644608
-27.1644595
-27.1644964
-27.1645767
-27.1646889
