-460.915863
-460.915870
-460.915871
-460.915866
-460.915871
-460.915876
-460.915875
-460.915876
-460.915883
-460.915888
-460.915899
-460.915911
-460.915921
-460.915933
-460.915946
-460.915954
-460.915955
-460.915961
-460.915957
-460.915947
-460.915939
