-404.503855
-404.525030
-404.725674
-405.582288
-408.059757
-410.620284
-406.007885
-402.776780
-403.819356
-403.608768
-403.804797
-408.527217
-409.741533
-406.748274
-405.063504
-404.568807
-404.498053
-404.513288
-404.526646
-404.534376
-404.620906
