-104.688260
-104.688392
-104.688802
-104.689323
-104.689925
-104.690466
-104.690559
-104.691234
-104.691872
-104.692104
-104.688744
-104.690091
-104.691148
-104.691337
-104.690407
-104.688903
-104.687467
-104.686835
-104.687379
-104.688837
-104.690666
