0.0 
  -54.952969 
  -54.968793 
   -54.98428 
  -54.999619 
  -55.014787 
  -55.029831 
  -55.044695 
  -55.059576 
  -55.074414 
  -55.089242 
  -55.104259 
  -55.119289 
  -55.134497 
  -55.150018 
  -55.165879 
  -55.182138 
