-104.687953
-104.688350
-104.688800
-104.689066
-104.689725
-104.690057
-104.691068
-104.691601
-104.691901
-104.692204
-104.692276
-104.691930
-104.691331
-104.690602
-104.689799
-104.689174
-104.688771
-104.688676
-104.688932
-104.689457
-104.690261
