0.0 
  -54.952969 
  -56.003638 
  -56.184503 
   -56.24377 
  -56.257857 
  -56.265662 
   -56.26766 
  -56.268628 
  -56.269544 
   -56.26984 
  -56.270086 
  -56.270185 
  -56.270344 
  -56.270597 
  -56.270751 
  -56.270987 
