-104.688260
-104.688392
-104.688802
-104.689323
-104.689925
-104.690466
-104.690559
-104.691234
-104.691872
-104.692104
-104.691900
-104.691159
-104.690841
-104.690615
-104.689946
-104.689490
-104.688849
-104.688708
-104.688938
-104.689448
-104.690198
